Archive member included because of file (symbol)

startup/libea_startup_thumb.a(consol.o)
                              main.o (consolSendCh)
startup/libea_startup_thumb.a(framework.o)
                              main.o (eaInit)
startup/libea_startup_thumb.a(startup.o)
                              (_startup)
pre_emptive_os/pre_emptive_os.a(kernel.o)
                              main.o (osInit)
pre_emptive_os/pre_emptive_os.a(prioqueue.o)
                              pre_emptive_os/pre_emptive_os.a(kernel.o) (initPrioQueue)
pre_emptive_os/pre_emptive_os.a(timer.o)
                              pre_emptive_os/pre_emptive_os.a(kernel.o) (timerTick)
pre_emptive_os/pre_emptive_os.a(stack_usage.o)
                              pre_emptive_os/pre_emptive_os.a(kernel.o) (createStackPattern)
pre_emptive_os/pre_emptive_os.a(a7hal.o)
                              pre_emptive_os/pre_emptive_os.a(kernel.o) (stkFrameInit_oshal)
pre_emptive_os/pre_emptive_os.a(a7hal_a.o)
                              pre_emptive_os/pre_emptive_os.a(kernel.o) (startHighProc_oshal)
pre_emptive_os/pre_emptive_os.a(count_sem.o)
                              pre_emptive_os/pre_emptive_os.a(timer.o) (osSemInit)
pre_emptive_os/pre_emptive_os.a(event.o)
                              pre_emptive_os/pre_emptive_os.a(count_sem.o) (eventInit)
/cygdrive/c/Embedded/GNUARM/bin/../lib/gcc/arm-elf/4.1.1/interwork/libgcc.a(_udivsi3.o)
                              startup/libea_startup_thumb.a(consol.o) (__udivsi3)
/cygdrive/c/Embedded/GNUARM/bin/../lib/gcc/arm-elf/4.1.1/interwork/libgcc.a(_divsi3.o)
                              main.o (__divsi3)
/cygdrive/c/Embedded/GNUARM/bin/../lib/gcc/arm-elf/4.1.1/interwork/libgcc.a(_umodsi3.o)
                              main.o (__umodsi3)
/cygdrive/c/Embedded/GNUARM/bin/../lib/gcc/arm-elf/4.1.1/interwork/libgcc.a(_modsi3.o)
                              main.o (__modsi3)
/cygdrive/c/Embedded/GNUARM/bin/../lib/gcc/arm-elf/4.1.1/interwork/libgcc.a(_dvmd_tls.o)
                              /cygdrive/c/Embedded/GNUARM/bin/../lib/gcc/arm-elf/4.1.1/interwork/libgcc.a(_udivsi3.o) (__div0)
/cygdrive/c/Embedded/GNUARM/bin/../lib/gcc/arm-elf/4.1.1/interwork/libgcc.a(_call_via_rX.o)
                              pre_emptive_os/pre_emptive_os.a(timer.o) (_call_via_r4)
/cygdrive/c/Embedded/GNUARM/bin/../lib/gcc/arm-elf/4.1.1/../../../../arm-elf/lib/interwork/libc.a(atoi.o)
                              startup/libea_startup_thumb.a(consol.o) (atoi)
/cygdrive/c/Embedded/GNUARM/bin/../lib/gcc/arm-elf/4.1.1/../../../../arm-elf/lib/interwork/libc.a(memcpy.o)
                              eepromTest.o (memcpy)
/cygdrive/c/Embedded/GNUARM/bin/../lib/gcc/arm-elf/4.1.1/../../../../arm-elf/lib/interwork/libc.a(strlen.o)
                              eepromTest.o (strlen)
/cygdrive/c/Embedded/GNUARM/bin/../lib/gcc/arm-elf/4.1.1/../../../../arm-elf/lib/interwork/libc.a(strtol.o)
                              /cygdrive/c/Embedded/GNUARM/bin/../lib/gcc/arm-elf/4.1.1/../../../../arm-elf/lib/interwork/libc.a(atoi.o) (_strtol_r)
/cygdrive/c/Embedded/GNUARM/bin/../lib/gcc/arm-elf/4.1.1/../../../../arm-elf/lib/interwork/libc.a(ctype_.o)
                              /cygdrive/c/Embedded/GNUARM/bin/../lib/gcc/arm-elf/4.1.1/../../../../arm-elf/lib/interwork/libc.a(strtol.o) (__ctype_ptr)
/cygdrive/c/Embedded/GNUARM/bin/../lib/gcc/arm-elf/4.1.1/../../../../arm-elf/lib/interwork/libc.a(impure.o)
                              /cygdrive/c/Embedded/GNUARM/bin/../lib/gcc/arm-elf/4.1.1/../../../../arm-elf/lib/interwork/libc.a(strtol.o) (_impure_ptr)

Allocating common symbols
Common symbol       size              file

pHeapEnd            0x4               startup/libea_startup_thumb.a(framework.o)
pHeapStart          0x4               startup/libea_startup_thumb.a(framework.o)
msClock             0x4               main.o
processControlBlocks
                    0xf0              pre_emptive_os/pre_emptive_os.a(kernel.o)

Discarded input sections

 .stabstr       0x00000000        0x0 startup/libea_startup_thumb.a(startup.o)
 .stabstr       0x00000000        0x0 pre_emptive_os/pre_emptive_os.a(a7hal_a.o)

Memory Configuration

Name             Origin             Length             Attributes
FLASH            0x00000000         0x00080000         xr
RAM              0x40000000         0x00008000         rw
*default*        0x00000000         0xffffffff

Linker script and memory map

LOAD main.o
LOAD eepromTest.o
LOAD eeprom.o
LOAD i2c.o
LOAD adc.o
LOAD pca9532.o
LOAD lcd.o
LOAD lcd_hw.o
LOAD startup/libea_startup_thumb.a
LOAD pre_emptive_os/pre_emptive_os.a
START GROUP
LOAD /cygdrive/c/Embedded/GNUARM/bin/../lib/gcc/arm-elf/4.1.1/interwork/libgcc.a
LOAD /cygdrive/c/Embedded/GNUARM/bin/../lib/gcc/arm-elf/4.1.1/../../../../arm-elf/lib/interwork/libc.a
END GROUP

.text           0x00000000     0x36f4
 *startup.o(.text)
 .text          0x00000000      0x1d8 startup/libea_startup_thumb.a(startup.o)
                0x00000000                _startup
 *(.text)
 .text          0x000001d8      0x584 main.o
                0x0000023c                rgbLight
                0x0000022c                appTick
                0x000001d8                udelay
                0x000002a4                main
 .text          0x0000075c      0x25c eepromTest.o
                0x0000075c                testEEPROM
 .text          0x000009b8      0x2b4 eeprom.o
                0x00000a50                pca9532
                0x00000b3c                eepromWrite
                0x00000c20                eepromPoll
                0x00000ba8                eepromPageRead
                0x000009b8                eepromStartRead
 .text          0x00000c6c      0x39c i2c.o
                0x00000c84                i2cInit
                0x00000ec8                i2cRead
                0x00000df4                i2cWriteWithWait
                0x00000cd0                i2cStart
                0x00000d1c                i2cStop
                0x00000c6c                i2cCheckStatus
                0x00000d70                i2cGetChar
                0x00000e7c                i2cRepeatStart
                0x00000f68                i2cWrite
                0x00000dc8                i2cWaitTransmit
                0x00000e24                i2cMyWrite
                0x00000d44                i2cPutChar
 .text          0x00001008       0x94 adc.o
                0x00001008                getAnalogueInput
                0x00001040                initAdc
 .text          0x0000109c       0xec pca9532.o
                0x000010c4                setPca9532Pin
                0x0000109c                getPca9532Pin
                0x00001150                pca9532Init
 .text          0x00001188      0x570 lcd.o
                0x00001188                lcdColor
                0x00001354                lcdWindow
                0x00001594                lcdClrscr
                0x0000145c                lcdRectBrd
                0x000012d8                lcdPutchar
                0x00001570                lcdContrast
                0x000015e8                lcdOff
                0x00001604                lcdInit
                0x000013ac                lcdIcon
                0x00001210                lcdData
                0x0000119c                lcdWrdata
                0x0000150c                lcdRect
                0x000011ac                lcdWrcmd
                0x0000133c                lcdPuts
                0x00001384                lcdGotoxy
 .text          0x000016f8       0xd8 lcd_hw.o
                0x000016f8                sendToLCD
                0x00001794                initSpiForLcd
                0x00001774                selectLCD
 .text          0x000017d0      0x67c startup/libea_startup_thumb.a(consol.o)
                0x00001c88                consolGetIntNum
                0x000018c4                consolSendCh
                0x00001a90                consolGetString
                0x00001934                consolSendNumber
                0x00001a4c                consolGetCh
                0x000018a4                consolSendChar
                0x00001b08                simplePrintf
                0x00001908                consolSendString
                0x00001d68                consolScanf
                0x00001a6c                consolGetChar
                0x00001854                consolInit
 .text          0x00001e4c      0x2c0 startup/libea_startup_thumb.a(framework.o)
                0x00001f78                eaInit
                0x00001ec4                lowLevelInit
                0x00001e4c                exceptionHandlerInit
 .text          0x0000210c      0x4f8 pre_emptive_os/pre_emptive_os.a(kernel.o)
                0x00002488                osTick
                0x0000254c                rmvFromRdyList
                0x000022a8                osGetHighPrioProc
                0x00002568                osSuspend
                0x000021bc                osInit
                0x0000259c                osDeleteProcess
                0x000021e8                osISREnter
                0x000022c4                schedule
                0x0000220c                osCreateProcess
                0x00002408                addToRdyList
                0x00002158                addToTimeList
                0x0000241c                osResume
                0x0000210c                osPid
                0x000025cc                osSleep
                0x00002330                osISRExit
                0x00002398                osStart
                0x000023c4                rmvFromTimeList
                0x000024e4                osStartProcess
 .text          0x00002604      0x124 pre_emptive_os/pre_emptive_os.a(prioqueue.o)
                0x00002604                initPrioQueue
                0x0000266c                rmvFromPrioQueue
                0x00002624                addToPrioQueue
                0x00002708                isEmptyPrioQueue
                0x000026d0                getHighPrioQueue
 .text          0x00002728      0x218 pre_emptive_os/pre_emptive_os.a(timer.o)
                0x00002728                timerTick
                0x0000289c                osInitTimers
                0x00002838                osDeleteTimer
                0x0000280c                osCreateTimer
 .text          0x00002940       0xa4 pre_emptive_os/pre_emptive_os.a(stack_usage.o)
                0x00002940                osStackUsage
                0x00002984                createStackPattern
                0x000029a4                checkStackLimit
 .text          0x000029e4      0x1ec pre_emptive_os/pre_emptive_os.a(a7hal.o)
                0x00002a1c                stkFrameInit_oshal
                0x000029e4                timerIsr_oshal
                0x00002afc                halRestoreInterrupts_oshal
                0x00002b04                initTimer_oshal
                0x00002aec                halEnableInterrupts_oshal
                0x00002b9c                handleIRQs_oshal
                0x00002acc                halDisableInterrupts_oshal
 .text          0x00002bd0       0xc4 pre_emptive_os/pre_emptive_os.a(a7hal_a.o)
                0x00002bdc                startHighProc_oshal
                0x00002c04                ctxSwitchIsr_oshal
                0x00002be4                ctxSwitch_oshal
                0x00002c24                generalIRQ_oshal
 .text          0x00002c94      0x144 pre_emptive_os/pre_emptive_os.a(count_sem.o)
                0x00002d34                osSemGive
                0x00002d98                osSemTryTake
                0x00002c94                osSemInit
                0x00002ca8                osSemTake
 .text          0x00002dd8       0xd8 pre_emptive_os/pre_emptive_os.a(event.o)
                0x00002de8                eventWait
                0x00002dd8                eventInit
                0x00002e50                eventIsEmpty
                0x00002e20                eventWaitReturn
                0x00002e60                eventSignal
 .text          0x00002eb0      0x114 /cygdrive/c/Embedded/GNUARM/bin/../lib/gcc/arm-elf/4.1.1/interwork/libgcc.a(_udivsi3.o)
                0x00002eb0                __udivsi3
                0x00002eb0                __aeabi_uidiv
                0x00002fac                __aeabi_uidivmod
 .text          0x00002fc4      0x144 /cygdrive/c/Embedded/GNUARM/bin/../lib/gcc/arm-elf/4.1.1/interwork/libgcc.a(_divsi3.o)
                0x00002fc4                __aeabi_idiv
                0x00002fc4                __divsi3
                0x000030f0                __aeabi_idivmod
 .text          0x00003108       0xd0 /cygdrive/c/Embedded/GNUARM/bin/../lib/gcc/arm-elf/4.1.1/interwork/libgcc.a(_umodsi3.o)
                0x00003108                __umodsi3
 .text          0x000031d8       0xe8 /cygdrive/c/Embedded/GNUARM/bin/../lib/gcc/arm-elf/4.1.1/interwork/libgcc.a(_modsi3.o)
                0x000031d8                __modsi3
 .text          0x000032c0        0x4 /cygdrive/c/Embedded/GNUARM/bin/../lib/gcc/arm-elf/4.1.1/interwork/libgcc.a(_dvmd_tls.o)
                0x000032c0                __aeabi_ldiv0
                0x000032c0                __div0
                0x000032c0                __aeabi_idiv0
 .text          0x000032c4       0x3c /cygdrive/c/Embedded/GNUARM/bin/../lib/gcc/arm-elf/4.1.1/interwork/libgcc.a(_call_via_rX.o)
                0x000032cc                _call_via_r2
                0x000032dc                _call_via_r6
                0x000032d8                _call_via_r5
                0x000032d0                _call_via_r3
                0x000032f0                _call_via_fp
                0x000032e4                _call_via_r8
                0x000032e0                _call_via_r7
                0x000032c4                _call_via_r0
                0x000032ec                _call_via_sl
                0x000032f8                _call_via_sp
                0x000032e8                _call_via_r9
                0x000032d4                _call_via_r4
                0x000032c8                _call_via_r1
                0x000032f4                _call_via_ip
                0x000032fc                _call_via_lr
 .text          0x00003300       0x30 /cygdrive/c/Embedded/GNUARM/bin/../lib/gcc/arm-elf/4.1.1/../../../../arm-elf/lib/interwork/libc.a(atoi.o)
                0x00003300                _atoi_r
                0x00003318                atoi
 .text          0x00003330       0x9c /cygdrive/c/Embedded/GNUARM/bin/../lib/gcc/arm-elf/4.1.1/../../../../arm-elf/lib/interwork/libc.a(memcpy.o)
                0x00003330                memcpy
 .text          0x000033cc       0x90 /cygdrive/c/Embedded/GNUARM/bin/../lib/gcc/arm-elf/4.1.1/../../../../arm-elf/lib/interwork/libc.a(strlen.o)
                0x000033cc                strlen
 .text          0x0000345c      0x1f0 /cygdrive/c/Embedded/GNUARM/bin/../lib/gcc/arm-elf/4.1.1/../../../../arm-elf/lib/interwork/libc.a(strtol.o)
                0x00003620                strtol
                0x0000345c                _strtol_r
 .text          0x0000364c        0x0 /cygdrive/c/Embedded/GNUARM/bin/../lib/gcc/arm-elf/4.1.1/../../../../arm-elf/lib/interwork/libc.a(ctype_.o)
 .text          0x0000364c        0x0 /cygdrive/c/Embedded/GNUARM/bin/../lib/gcc/arm-elf/4.1.1/../../../../arm-elf/lib/interwork/libc.a(impure.o)
 *(.glue_7)
 .glue_7        0x0000364c        0x0 main.o
 .glue_7        0x0000364c        0x0 eepromTest.o
 .glue_7        0x0000364c        0x0 eeprom.o
 .glue_7        0x0000364c        0x0 i2c.o
 .glue_7        0x0000364c        0x0 adc.o
 .glue_7        0x0000364c        0x0 pca9532.o
 .glue_7        0x0000364c        0x0 lcd.o
 .glue_7        0x0000364c        0x0 lcd_hw.o
 .glue_7        0x0000364c        0x0 startup/libea_startup_thumb.a(consol.o)
 .glue_7        0x0000364c        0x0 startup/libea_startup_thumb.a(framework.o)
 .glue_7        0x0000364c        0x0 startup/libea_startup_thumb.a(startup.o)
 .glue_7        0x0000364c        0x0 pre_emptive_os/pre_emptive_os.a(kernel.o)
 .glue_7        0x0000364c        0x0 pre_emptive_os/pre_emptive_os.a(prioqueue.o)
 .glue_7        0x0000364c        0x0 pre_emptive_os/pre_emptive_os.a(timer.o)
 .glue_7        0x0000364c        0x0 pre_emptive_os/pre_emptive_os.a(stack_usage.o)
 .glue_7        0x0000364c        0x0 pre_emptive_os/pre_emptive_os.a(a7hal.o)
 .glue_7        0x0000364c        0x0 pre_emptive_os/pre_emptive_os.a(a7hal_a.o)
 .glue_7        0x0000364c        0x0 pre_emptive_os/pre_emptive_os.a(count_sem.o)
 .glue_7        0x0000364c        0x0 pre_emptive_os/pre_emptive_os.a(event.o)
 .glue_7        0x0000364c        0x0 /cygdrive/c/Embedded/GNUARM/bin/../lib/gcc/arm-elf/4.1.1/interwork/libgcc.a(_udivsi3.o)
 .glue_7        0x0000364c        0x0 /cygdrive/c/Embedded/GNUARM/bin/../lib/gcc/arm-elf/4.1.1/interwork/libgcc.a(_divsi3.o)
 .glue_7        0x0000364c        0x0 /cygdrive/c/Embedded/GNUARM/bin/../lib/gcc/arm-elf/4.1.1/interwork/libgcc.a(_umodsi3.o)
 .glue_7        0x0000364c        0x0 /cygdrive/c/Embedded/GNUARM/bin/../lib/gcc/arm-elf/4.1.1/interwork/libgcc.a(_modsi3.o)
 .glue_7        0x0000364c        0x0 /cygdrive/c/Embedded/GNUARM/bin/../lib/gcc/arm-elf/4.1.1/interwork/libgcc.a(_dvmd_tls.o)
 .glue_7        0x0000364c        0x0 /cygdrive/c/Embedded/GNUARM/bin/../lib/gcc/arm-elf/4.1.1/interwork/libgcc.a(_call_via_rX.o)
 .glue_7        0x0000364c        0x0 /cygdrive/c/Embedded/GNUARM/bin/../lib/gcc/arm-elf/4.1.1/../../../../arm-elf/lib/interwork/libc.a(atoi.o)
 .glue_7        0x0000364c        0x0 /cygdrive/c/Embedded/GNUARM/bin/../lib/gcc/arm-elf/4.1.1/../../../../arm-elf/lib/interwork/libc.a(memcpy.o)
 .glue_7        0x0000364c        0x0 /cygdrive/c/Embedded/GNUARM/bin/../lib/gcc/arm-elf/4.1.1/../../../../arm-elf/lib/interwork/libc.a(strlen.o)
 .glue_7        0x0000364c        0x0 /cygdrive/c/Embedded/GNUARM/bin/../lib/gcc/arm-elf/4.1.1/../../../../arm-elf/lib/interwork/libc.a(strtol.o)
 .glue_7        0x0000364c        0x0 /cygdrive/c/Embedded/GNUARM/bin/../lib/gcc/arm-elf/4.1.1/../../../../arm-elf/lib/interwork/libc.a(ctype_.o)
 .glue_7        0x0000364c       0x18 /cygdrive/c/Embedded/GNUARM/bin/../lib/gcc/arm-elf/4.1.1/../../../../arm-elf/lib/interwork/libc.a(impure.o)
                0x00003658                __osISRExit_from_arm
                0x0000364c                __osTick_from_arm
 *(.glue_7t)
 .glue_7t       0x00003664        0x0 main.o
 .glue_7t       0x00003664        0x0 eepromTest.o
 .glue_7t       0x00003664        0x0 eeprom.o
 .glue_7t       0x00003664        0x0 i2c.o
 .glue_7t       0x00003664        0x0 adc.o
 .glue_7t       0x00003664        0x0 pca9532.o
 .glue_7t       0x00003664        0x0 lcd.o
 .glue_7t       0x00003664        0x0 lcd_hw.o
 .glue_7t       0x00003664        0x0 startup/libea_startup_thumb.a(consol.o)
 .glue_7t       0x00003664        0x0 startup/libea_startup_thumb.a(framework.o)
 .glue_7t       0x00003664        0x0 startup/libea_startup_thumb.a(startup.o)
 .glue_7t       0x00003664        0x0 pre_emptive_os/pre_emptive_os.a(kernel.o)
 .glue_7t       0x00003664        0x0 pre_emptive_os/pre_emptive_os.a(prioqueue.o)
 .glue_7t       0x00003664        0x0 pre_emptive_os/pre_emptive_os.a(timer.o)
 .glue_7t       0x00003664        0x0 pre_emptive_os/pre_emptive_os.a(stack_usage.o)
 .glue_7t       0x00003664        0x0 pre_emptive_os/pre_emptive_os.a(a7hal.o)
 .glue_7t       0x00003664        0x0 pre_emptive_os/pre_emptive_os.a(a7hal_a.o)
 .glue_7t       0x00003664        0x0 pre_emptive_os/pre_emptive_os.a(count_sem.o)
 .glue_7t       0x00003664        0x0 pre_emptive_os/pre_emptive_os.a(event.o)
 .glue_7t       0x00003664        0x0 /cygdrive/c/Embedded/GNUARM/bin/../lib/gcc/arm-elf/4.1.1/interwork/libgcc.a(_udivsi3.o)
 .glue_7t       0x00003664        0x0 /cygdrive/c/Embedded/GNUARM/bin/../lib/gcc/arm-elf/4.1.1/interwork/libgcc.a(_divsi3.o)
 .glue_7t       0x00003664        0x0 /cygdrive/c/Embedded/GNUARM/bin/../lib/gcc/arm-elf/4.1.1/interwork/libgcc.a(_umodsi3.o)
 .glue_7t       0x00003664        0x0 /cygdrive/c/Embedded/GNUARM/bin/../lib/gcc/arm-elf/4.1.1/interwork/libgcc.a(_modsi3.o)
 .glue_7t       0x00003664        0x0 /cygdrive/c/Embedded/GNUARM/bin/../lib/gcc/arm-elf/4.1.1/interwork/libgcc.a(_dvmd_tls.o)
 .glue_7t       0x00003664        0x0 /cygdrive/c/Embedded/GNUARM/bin/../lib/gcc/arm-elf/4.1.1/interwork/libgcc.a(_call_via_rX.o)
 .glue_7t       0x00003664        0x0 /cygdrive/c/Embedded/GNUARM/bin/../lib/gcc/arm-elf/4.1.1/../../../../arm-elf/lib/interwork/libc.a(atoi.o)
 .glue_7t       0x00003664        0x0 /cygdrive/c/Embedded/GNUARM/bin/../lib/gcc/arm-elf/4.1.1/../../../../arm-elf/lib/interwork/libc.a(memcpy.o)
 .glue_7t       0x00003664        0x0 /cygdrive/c/Embedded/GNUARM/bin/../lib/gcc/arm-elf/4.1.1/../../../../arm-elf/lib/interwork/libc.a(strlen.o)
 .glue_7t       0x00003664        0x0 /cygdrive/c/Embedded/GNUARM/bin/../lib/gcc/arm-elf/4.1.1/../../../../arm-elf/lib/interwork/libc.a(strtol.o)
 .glue_7t       0x00003664        0x0 /cygdrive/c/Embedded/GNUARM/bin/../lib/gcc/arm-elf/4.1.1/../../../../arm-elf/lib/interwork/libc.a(ctype_.o)
 .glue_7t       0x00003664       0x90 /cygdrive/c/Embedded/GNUARM/bin/../lib/gcc/arm-elf/4.1.1/../../../../arm-elf/lib/interwork/libc.a(impure.o)
                0x00003680                ____modsi3_change_to_arm
                0x000036bc                __halRestoreInterrupts_oshal_from_thumb
                0x000036a0                __consolSendCh_change_to_arm
                0x000036b0                __strlen_change_to_arm
                0x000036a4                __memcpy_from_thumb
                0x000036cc                __ctxSwitch_oshal_from_thumb
                0x000036c8                __stkFrameInit_oshal_change_to_arm
                0x000036e0                __initTimer_oshal_change_to_arm
                0x000036e4                __startHighProc_oshal_from_thumb
                0x00003670                ____umodsi3_change_to_arm
                0x0000367c                ____modsi3_from_thumb
                0x00003684                __consolSendString_from_thumb
                0x000036f0                ____udivsi3_change_to_arm
                0x000036e8                __startHighProc_oshal_change_to_arm
                0x000036d4                __ctxSwitchIsr_oshal_from_thumb
                0x0000369c                __consolSendCh_from_thumb
                0x000036c0                __halRestoreInterrupts_oshal_change_to_arm
                0x00003690                __simplePrintf_change_to_arm
                0x0000366c                ____umodsi3_from_thumb
                0x00003688                __consolSendString_change_to_arm
                0x00003664                ____divsi3_from_thumb
                0x000036d0                __ctxSwitch_oshal_change_to_arm
                0x000036c4                __stkFrameInit_oshal_from_thumb
                0x000036ec                ____udivsi3_from_thumb
                0x00003674                __eaInit_from_thumb
                0x00003694                __consolGetChar_from_thumb
                0x0000368c                __simplePrintf_from_thumb
                0x000036dc                __initTimer_oshal_from_thumb
                0x00003678                __eaInit_change_to_arm
                0x00003698                __consolGetChar_change_to_arm
                0x000036ac                __strlen_from_thumb
                0x000036d8                __ctxSwitchIsr_oshal_change_to_arm
                0x000036b8                __halDisableInterrupts_oshal_change_to_arm
                0x000036b4                __halDisableInterrupts_oshal_from_thumb
                0x000036a8                __memcpy_change_to_arm
                0x00003668                ____divsi3_change_to_arm
                0x000036f4                . = ALIGN (0x4)

.rodata         0x000036f4     0x1378
 *(.rodata)
 .rodata        0x000036f4      0x75c main.o
                0x000036f4                _ea_97x60c
 .rodata        0x00003e50        0xb pca9532.o
 .rodata        0x00003e5b      0x55c lcd.o
                0x00003e5b                charMap
 *fill*         0x000043b7        0x1 00
 .rodata        0x000043b8       0x10 startup/libea_startup_thumb.a(consol.o)
 .rodata        0x000043c8      0x101 /cygdrive/c/Embedded/GNUARM/bin/../lib/gcc/arm-elf/4.1.1/../../../../arm-elf/lib/interwork/libc.a(ctype_.o)
                0x000043c8                _ctype_
 *fill*         0x000044c9        0x3 00
 .rodata        0x000044cc        0x4 /cygdrive/c/Embedded/GNUARM/bin/../lib/gcc/arm-elf/4.1.1/../../../../arm-elf/lib/interwork/libc.a(impure.o)
                0x000044cc                _global_impure_ptr
 *(.rodata*)
 .rodata.str1.4
                0x000044d0      0x245 main.o
                                0x24c (size before relaxing)
 *fill*         0x00004715        0x3 00
 .rodata.str1.4
                0x00004718      0x25e eepromTest.o
                                0x260 (size before relaxing)
 *fill*         0x00004976        0x2 00
 .rodata.str1.4
                0x00004978       0x18 startup/libea_startup_thumb.a(consol.o)
 .rodata.str1.4
                0x00004990       0xd8 startup/libea_startup_thumb.a(framework.o)
 .rodata.str1.4
                0x00004a68        0x4 /cygdrive/c/Embedded/GNUARM/bin/../lib/gcc/arm-elf/4.1.1/../../../../arm-elf/lib/interwork/libc.a(impure.o)
                0x00004a6c                . = ALIGN (0x4)
                0x00004a6c                _etext = .
                0x00004a6c                PROVIDE (etext, .)

.data           0x40000080      0x40c load address 0x00004a6c
                0x40000080                _data = .
 *(.data)
 .data          0x40000080        0x1 main.o
                0x40000080                rgbSpeed
 .data          0x40000081        0x0 eepromTest.o
 .data          0x40000081        0x0 eeprom.o
 .data          0x40000081        0x0 i2c.o
 .data          0x40000081        0x0 adc.o
 .data          0x40000081        0x0 pca9532.o
 .data          0x40000081        0x0 lcd.o
 .data          0x40000081        0x0 lcd_hw.o
 .data          0x40000081        0x0 startup/libea_startup_thumb.a(consol.o)
 .data          0x40000081        0x0 startup/libea_startup_thumb.a(framework.o)
 .data          0x40000081        0x0 startup/libea_startup_thumb.a(startup.o)
 .data          0x40000081        0x0 pre_emptive_os/pre_emptive_os.a(kernel.o)
 .data          0x40000081        0x0 pre_emptive_os/pre_emptive_os.a(prioqueue.o)
 .data          0x40000081        0x0 pre_emptive_os/pre_emptive_os.a(timer.o)
 .data          0x40000081        0x0 pre_emptive_os/pre_emptive_os.a(stack_usage.o)
 .data          0x40000081        0x0 pre_emptive_os/pre_emptive_os.a(a7hal.o)
 .data          0x40000081        0x0 pre_emptive_os/pre_emptive_os.a(a7hal_a.o)
 .data          0x40000081        0x0 pre_emptive_os/pre_emptive_os.a(count_sem.o)
 .data          0x40000081        0x0 pre_emptive_os/pre_emptive_os.a(event.o)
 .data          0x40000081        0x0 /cygdrive/c/Embedded/GNUARM/bin/../lib/gcc/arm-elf/4.1.1/interwork/libgcc.a(_udivsi3.o)
 .data          0x40000081        0x0 /cygdrive/c/Embedded/GNUARM/bin/../lib/gcc/arm-elf/4.1.1/interwork/libgcc.a(_divsi3.o)
 .data          0x40000081        0x0 /cygdrive/c/Embedded/GNUARM/bin/../lib/gcc/arm-elf/4.1.1/interwork/libgcc.a(_umodsi3.o)
 .data          0x40000081        0x0 /cygdrive/c/Embedded/GNUARM/bin/../lib/gcc/arm-elf/4.1.1/interwork/libgcc.a(_modsi3.o)
 .data          0x40000081        0x0 /cygdrive/c/Embedded/GNUARM/bin/../lib/gcc/arm-elf/4.1.1/interwork/libgcc.a(_dvmd_tls.o)
 .data          0x40000081        0x0 /cygdrive/c/Embedded/GNUARM/bin/../lib/gcc/arm-elf/4.1.1/interwork/libgcc.a(_call_via_rX.o)
 .data          0x40000081        0x0 /cygdrive/c/Embedded/GNUARM/bin/../lib/gcc/arm-elf/4.1.1/../../../../arm-elf/lib/interwork/libc.a(atoi.o)
 .data          0x40000081        0x0 /cygdrive/c/Embedded/GNUARM/bin/../lib/gcc/arm-elf/4.1.1/../../../../arm-elf/lib/interwork/libc.a(memcpy.o)
 .data          0x40000081        0x0 /cygdrive/c/Embedded/GNUARM/bin/../lib/gcc/arm-elf/4.1.1/../../../../arm-elf/lib/interwork/libc.a(strlen.o)
 .data          0x40000081        0x0 /cygdrive/c/Embedded/GNUARM/bin/../lib/gcc/arm-elf/4.1.1/../../../../arm-elf/lib/interwork/libc.a(strtol.o)
 *fill*         0x40000081        0x3 00
 .data          0x40000084        0x4 /cygdrive/c/Embedded/GNUARM/bin/../lib/gcc/arm-elf/4.1.1/../../../../arm-elf/lib/interwork/libc.a(ctype_.o)
                0x40000084                __ctype_ptr
 .data          0x40000088      0x404 /cygdrive/c/Embedded/GNUARM/bin/../lib/gcc/arm-elf/4.1.1/../../../../arm-elf/lib/interwork/libc.a(impure.o)
                0x40000088                _impure_ptr
                0x4000048c                . = ALIGN (0x4)
                0x4000048c                _edata = .
                0x4000048c                PROVIDE (edata, .)

.bss            0x4000048c      0xe1c
                0x4000048c                _bss = .
                0x4000048c                __bss_start = .
                0x4000048c                __bss_start__ = .
 *(.bss)
 .bss           0x4000048c      0x9a4 main.o
                0x4000048c                wejscia
                0x4000049c                killProc1
                0x40000498                ostatnieWyjscia
                0x40000494                ostatnieWejscia
                0x40000490                wyjscia
 .bss           0x40000e30        0x0 eepromTest.o
 .bss           0x40000e30        0x0 eeprom.o
 .bss           0x40000e30        0x0 i2c.o
 .bss           0x40000e30        0x0 adc.o
 .bss           0x40000e30        0x0 pca9532.o
 .bss           0x40000e30        0x5 lcd.o
 .bss           0x40000e35        0x0 lcd_hw.o
 .bss           0x40000e35        0x0 startup/libea_startup_thumb.a(consol.o)
 .bss           0x40000e35        0x0 startup/libea_startup_thumb.a(framework.o)
 .bss           0x40000e35        0x0 startup/libea_startup_thumb.a(startup.o)
 *fill*         0x40000e35        0x3 00
 .bss           0x40000e38       0x2c pre_emptive_os/pre_emptive_os.a(kernel.o)
                0x40000e38                osLockNesting
                0x40000e3c                pNxtToRun
                0x40000e40                pRunProc
                0x40000e39                isrNesting
 .bss           0x40000e64        0x0 pre_emptive_os/pre_emptive_os.a(prioqueue.o)
 .bss           0x40000e64      0x348 pre_emptive_os/pre_emptive_os.a(timer.o)
 .bss           0x400011ac        0x0 pre_emptive_os/pre_emptive_os.a(stack_usage.o)
 .bss           0x400011ac        0x0 pre_emptive_os/pre_emptive_os.a(a7hal.o)
 .bss           0x400011ac        0x0 pre_emptive_os/pre_emptive_os.a(a7hal_a.o)
 .bss           0x400011ac        0x0 pre_emptive_os/pre_emptive_os.a(count_sem.o)
 .bss           0x400011ac        0x0 pre_emptive_os/pre_emptive_os.a(event.o)
 .bss           0x400011ac        0x0 /cygdrive/c/Embedded/GNUARM/bin/../lib/gcc/arm-elf/4.1.1/interwork/libgcc.a(_udivsi3.o)
 .bss           0x400011ac        0x0 /cygdrive/c/Embedded/GNUARM/bin/../lib/gcc/arm-elf/4.1.1/interwork/libgcc.a(_divsi3.o)
 .bss           0x400011ac        0x0 /cygdrive/c/Embedded/GNUARM/bin/../lib/gcc/arm-elf/4.1.1/interwork/libgcc.a(_umodsi3.o)
 .bss           0x400011ac        0x0 /cygdrive/c/Embedded/GNUARM/bin/../lib/gcc/arm-elf/4.1.1/interwork/libgcc.a(_modsi3.o)
 .bss           0x400011ac        0x0 /cygdrive/c/Embedded/GNUARM/bin/../lib/gcc/arm-elf/4.1.1/interwork/libgcc.a(_dvmd_tls.o)
 .bss           0x400011ac        0x0 /cygdrive/c/Embedded/GNUARM/bin/../lib/gcc/arm-elf/4.1.1/interwork/libgcc.a(_call_via_rX.o)
 .bss           0x400011ac        0x0 /cygdrive/c/Embedded/GNUARM/bin/../lib/gcc/arm-elf/4.1.1/../../../../arm-elf/lib/interwork/libc.a(atoi.o)
 .bss           0x400011ac        0x0 /cygdrive/c/Embedded/GNUARM/bin/../lib/gcc/arm-elf/4.1.1/../../../../arm-elf/lib/interwork/libc.a(memcpy.o)
 .bss           0x400011ac        0x0 /cygdrive/c/Embedded/GNUARM/bin/../lib/gcc/arm-elf/4.1.1/../../../../arm-elf/lib/interwork/libc.a(strlen.o)
 .bss           0x400011ac        0x0 /cygdrive/c/Embedded/GNUARM/bin/../lib/gcc/arm-elf/4.1.1/../../../../arm-elf/lib/interwork/libc.a(strtol.o)
 .bss           0x400011ac        0x0 /cygdrive/c/Embedded/GNUARM/bin/../lib/gcc/arm-elf/4.1.1/../../../../arm-elf/lib/interwork/libc.a(ctype_.o)
 .bss           0x400011ac        0x0 /cygdrive/c/Embedded/GNUARM/bin/../lib/gcc/arm-elf/4.1.1/../../../../arm-elf/lib/interwork/libc.a(impure.o)
 *(COMMON)
 COMMON         0x400011ac        0x4 main.o
                0x400011ac                msClock
 COMMON         0x400011b0        0x8 startup/libea_startup_thumb.a(framework.o)
                0x400011b0                pHeapEnd
                0x400011b4                pHeapStart
 COMMON         0x400011b8       0xf0 pre_emptive_os/pre_emptive_os.a(kernel.o)
                0x400011b8                processControlBlocks
                0x400012a8                . = ALIGN (0x4)
                0x400012a8                . = ALIGN (0x4)
                0x400012a8                __bss_end = .
                0x400012a8                __bss_end__ = .
                0x400012a8                _end = .
                0x400012a8                PROVIDE (end, .)

.stab           0x00000000      0x600
 *(.stab)
 .stab          0x00000000      0x3c0 startup/libea_startup_thumb.a(startup.o)
 .stab          0x000003c0      0x240 pre_emptive_os/pre_emptive_os.a(a7hal_a.o)
                                0x24c (size before relaxing)

.stabstr        0x00000000       0x99
 *(.stabstr)
 .stabstr       0x00000000       0x99 startup/libea_startup_thumb.a(startup.o)

.stab.excl
 *(.stab.excl)

.stab.exclstr
 *(.stab.exclstr)

.stab.index
 *(.stab.index)

.stab.indexstr
 *(.stab.indexstr)

.comment        0x00000000      0x19e
 *(.comment)
 .comment       0x00000000       0x12 main.o
 .comment       0x00000012       0x12 eepromTest.o
 .comment       0x00000024       0x12 eeprom.o
 .comment       0x00000036       0x12 i2c.o
 .comment       0x00000048       0x12 adc.o
 .comment       0x0000005a       0x12 pca9532.o
 .comment       0x0000006c       0x12 lcd.o
 .comment       0x0000007e       0x12 lcd_hw.o
 .comment       0x00000090       0x12 startup/libea_startup_thumb.a(consol.o)
 .comment       0x000000a2       0x12 startup/libea_startup_thumb.a(framework.o)
 .comment       0x000000b4       0x12 pre_emptive_os/pre_emptive_os.a(kernel.o)
 .comment       0x000000c6       0x12 pre_emptive_os/pre_emptive_os.a(prioqueue.o)
 .comment       0x000000d8       0x12 pre_emptive_os/pre_emptive_os.a(timer.o)
 .comment       0x000000ea       0x12 pre_emptive_os/pre_emptive_os.a(stack_usage.o)
 .comment       0x000000fc       0x12 pre_emptive_os/pre_emptive_os.a(a7hal.o)
 .comment       0x0000010e       0x12 pre_emptive_os/pre_emptive_os.a(count_sem.o)
 .comment       0x00000120       0x12 pre_emptive_os/pre_emptive_os.a(event.o)
 .comment       0x00000132       0x12 /cygdrive/c/Embedded/GNUARM/bin/../lib/gcc/arm-elf/4.1.1/../../../../arm-elf/lib/interwork/libc.a(atoi.o)
 .comment       0x00000144       0x12 /cygdrive/c/Embedded/GNUARM/bin/../lib/gcc/arm-elf/4.1.1/../../../../arm-elf/lib/interwork/libc.a(memcpy.o)
 .comment       0x00000156       0x12 /cygdrive/c/Embedded/GNUARM/bin/../lib/gcc/arm-elf/4.1.1/../../../../arm-elf/lib/interwork/libc.a(strlen.o)
 .comment       0x00000168       0x12 /cygdrive/c/Embedded/GNUARM/bin/../lib/gcc/arm-elf/4.1.1/../../../../arm-elf/lib/interwork/libc.a(strtol.o)
 .comment       0x0000017a       0x12 /cygdrive/c/Embedded/GNUARM/bin/../lib/gcc/arm-elf/4.1.1/../../../../arm-elf/lib/interwork/libc.a(ctype_.o)
 .comment       0x0000018c       0x12 /cygdrive/c/Embedded/GNUARM/bin/../lib/gcc/arm-elf/4.1.1/../../../../arm-elf/lib/interwork/libc.a(impure.o)

.debug
 *(.debug)

.line
 *(.line)

.debug_srcinfo
 *(.debug_srcinfo)

.debug_sfnames
 *(.debug_sfnames)

.debug_aranges  0x00000000      0x360
 *(.debug_aranges)
 .debug_aranges
                0x00000000       0x20 main.o
 .debug_aranges
                0x00000020       0x20 eepromTest.o
 .debug_aranges
                0x00000040       0x20 eeprom.o
 .debug_aranges
                0x00000060       0x20 i2c.o
 .debug_aranges
                0x00000080       0x20 adc.o
 .debug_aranges
                0x000000a0       0x20 pca9532.o
 .debug_aranges
                0x000000c0       0x20 lcd.o
 .debug_aranges
                0x000000e0       0x20 lcd_hw.o
 .debug_aranges
                0x00000100       0x20 startup/libea_startup_thumb.a(consol.o)
 .debug_aranges
                0x00000120       0x20 startup/libea_startup_thumb.a(framework.o)
 .debug_aranges
                0x00000140       0x20 pre_emptive_os/pre_emptive_os.a(kernel.o)
 .debug_aranges
                0x00000160       0x20 pre_emptive_os/pre_emptive_os.a(prioqueue.o)
 .debug_aranges
                0x00000180       0x20 pre_emptive_os/pre_emptive_os.a(timer.o)
 .debug_aranges
                0x000001a0       0x20 pre_emptive_os/pre_emptive_os.a(stack_usage.o)
 .debug_aranges
                0x000001c0       0x20 pre_emptive_os/pre_emptive_os.a(a7hal.o)
 .debug_aranges
                0x000001e0       0x20 pre_emptive_os/pre_emptive_os.a(count_sem.o)
 .debug_aranges
                0x00000200       0x20 pre_emptive_os/pre_emptive_os.a(event.o)
 .debug_aranges
                0x00000220       0x20 /cygdrive/c/Embedded/GNUARM/bin/../lib/gcc/arm-elf/4.1.1/interwork/libgcc.a(_udivsi3.o)
 .debug_aranges
                0x00000240       0x20 /cygdrive/c/Embedded/GNUARM/bin/../lib/gcc/arm-elf/4.1.1/interwork/libgcc.a(_divsi3.o)
 .debug_aranges
                0x00000260       0x20 /cygdrive/c/Embedded/GNUARM/bin/../lib/gcc/arm-elf/4.1.1/interwork/libgcc.a(_umodsi3.o)
 .debug_aranges
                0x00000280       0x20 /cygdrive/c/Embedded/GNUARM/bin/../lib/gcc/arm-elf/4.1.1/interwork/libgcc.a(_modsi3.o)
 .debug_aranges
                0x000002a0       0x20 /cygdrive/c/Embedded/GNUARM/bin/../lib/gcc/arm-elf/4.1.1/interwork/libgcc.a(_dvmd_tls.o)
 .debug_aranges
                0x000002c0       0x20 /cygdrive/c/Embedded/GNUARM/bin/../lib/gcc/arm-elf/4.1.1/interwork/libgcc.a(_call_via_rX.o)
 .debug_aranges
                0x000002e0       0x20 /cygdrive/c/Embedded/GNUARM/bin/../lib/gcc/arm-elf/4.1.1/../../../../arm-elf/lib/interwork/libc.a(atoi.o)
 .debug_aranges
                0x00000300       0x20 /cygdrive/c/Embedded/GNUARM/bin/../lib/gcc/arm-elf/4.1.1/../../../../arm-elf/lib/interwork/libc.a(memcpy.o)
 .debug_aranges
                0x00000320       0x20 /cygdrive/c/Embedded/GNUARM/bin/../lib/gcc/arm-elf/4.1.1/../../../../arm-elf/lib/interwork/libc.a(strlen.o)
 .debug_aranges
                0x00000340       0x20 /cygdrive/c/Embedded/GNUARM/bin/../lib/gcc/arm-elf/4.1.1/../../../../arm-elf/lib/interwork/libc.a(strtol.o)

.debug_pubnames
                0x00000000      0x9dd
 *(.debug_pubnames)
 .debug_pubnames
                0x00000000       0xb5 main.o
 .debug_pubnames
                0x000000b5       0x21 eepromTest.o
 .debug_pubnames
                0x000000d6       0x64 eeprom.o
 .debug_pubnames
                0x0000013a       0xcc i2c.o
 .debug_pubnames
                0x00000206       0x33 adc.o
 .debug_pubnames
                0x00000239       0x46 pca9532.o
 .debug_pubnames
                0x0000027f       0xe5 lcd.o
 .debug_pubnames
                0x00000364       0x40 lcd_hw.o
 .debug_pubnames
                0x000003a4       0xda startup/libea_startup_thumb.a(consol.o)
 .debug_pubnames
                0x0000047e       0x63 startup/libea_startup_thumb.a(framework.o)
 .debug_pubnames
                0x000004e1      0x17f pre_emptive_os/pre_emptive_os.a(kernel.o)
 .debug_pubnames
                0x00000660       0x76 pre_emptive_os/pre_emptive_os.a(prioqueue.o)
 .debug_pubnames
                0x000006d6       0x55 pre_emptive_os/pre_emptive_os.a(timer.o)
 .debug_pubnames
                0x0000072b       0x4e pre_emptive_os/pre_emptive_os.a(stack_usage.o)
 .debug_pubnames
                0x00000779       0xc1 pre_emptive_os/pre_emptive_os.a(a7hal.o)
 .debug_pubnames
                0x0000083a       0x4d pre_emptive_os/pre_emptive_os.a(count_sem.o)
 .debug_pubnames
                0x00000887       0x63 pre_emptive_os/pre_emptive_os.a(event.o)
 .debug_pubnames
                0x000008ea       0x27 /cygdrive/c/Embedded/GNUARM/bin/../lib/gcc/arm-elf/4.1.1/../../../../arm-elf/lib/interwork/libc.a(atoi.o)
 .debug_pubnames
                0x00000911       0x1d /cygdrive/c/Embedded/GNUARM/bin/../lib/gcc/arm-elf/4.1.1/../../../../arm-elf/lib/interwork/libc.a(memcpy.o)
 .debug_pubnames
                0x0000092e       0x1d /cygdrive/c/Embedded/GNUARM/bin/../lib/gcc/arm-elf/4.1.1/../../../../arm-elf/lib/interwork/libc.a(strlen.o)
 .debug_pubnames
                0x0000094b       0x2b /cygdrive/c/Embedded/GNUARM/bin/../lib/gcc/arm-elf/4.1.1/../../../../arm-elf/lib/interwork/libc.a(strtol.o)
 .debug_pubnames
                0x00000976       0x2e /cygdrive/c/Embedded/GNUARM/bin/../lib/gcc/arm-elf/4.1.1/../../../../arm-elf/lib/interwork/libc.a(ctype_.o)
 .debug_pubnames
                0x000009a4       0x39 /cygdrive/c/Embedded/GNUARM/bin/../lib/gcc/arm-elf/4.1.1/../../../../arm-elf/lib/interwork/libc.a(impure.o)

.debug_info     0x00000000     0x557b
 *(.debug_info .gnu.linkonce.wi.*)
 .debug_info    0x00000000      0x3b4 main.o
 .debug_info    0x000003b4      0x11e eepromTest.o
 .debug_info    0x000004d2      0x29a eeprom.o
 .debug_info    0x0000076c      0x465 i2c.o
 .debug_info    0x00000bd1       0xdd adc.o
 .debug_info    0x00000cae      0x179 pca9532.o
 .debug_info    0x00000e27      0x596 lcd.o
 .debug_info    0x000013bd      0x105 lcd_hw.o
 .debug_info    0x000014c2      0x584 startup/libea_startup_thumb.a(consol.o)
 .debug_info    0x00001a46      0x1e5 startup/libea_startup_thumb.a(framework.o)
 .debug_info    0x00001c2b      0x5fe pre_emptive_os/pre_emptive_os.a(kernel.o)
 .debug_info    0x00002229      0x2e8 pre_emptive_os/pre_emptive_os.a(prioqueue.o)
 .debug_info    0x00002511      0x4b8 pre_emptive_os/pre_emptive_os.a(timer.o)
 .debug_info    0x000029c9      0x2cf pre_emptive_os/pre_emptive_os.a(stack_usage.o)
 .debug_info    0x00002c98      0x189 pre_emptive_os/pre_emptive_os.a(a7hal.o)
 .debug_info    0x00002e21      0x32b pre_emptive_os/pre_emptive_os.a(count_sem.o)
 .debug_info    0x0000314c      0x2ee pre_emptive_os/pre_emptive_os.a(event.o)
 .debug_info    0x0000343a       0x68 /cygdrive/c/Embedded/GNUARM/bin/../lib/gcc/arm-elf/4.1.1/interwork/libgcc.a(_udivsi3.o)
 .debug_info    0x000034a2       0x68 /cygdrive/c/Embedded/GNUARM/bin/../lib/gcc/arm-elf/4.1.1/interwork/libgcc.a(_divsi3.o)
 .debug_info    0x0000350a       0x68 /cygdrive/c/Embedded/GNUARM/bin/../lib/gcc/arm-elf/4.1.1/interwork/libgcc.a(_umodsi3.o)
 .debug_info    0x00003572       0x68 /cygdrive/c/Embedded/GNUARM/bin/../lib/gcc/arm-elf/4.1.1/interwork/libgcc.a(_modsi3.o)
 .debug_info    0x000035da       0x68 /cygdrive/c/Embedded/GNUARM/bin/../lib/gcc/arm-elf/4.1.1/interwork/libgcc.a(_dvmd_tls.o)
 .debug_info    0x00003642       0x68 /cygdrive/c/Embedded/GNUARM/bin/../lib/gcc/arm-elf/4.1.1/interwork/libgcc.a(_call_via_rX.o)
 .debug_info    0x000036aa      0x949 /cygdrive/c/Embedded/GNUARM/bin/../lib/gcc/arm-elf/4.1.1/../../../../arm-elf/lib/interwork/libc.a(atoi.o)
 .debug_info    0x00003ff3      0x10a /cygdrive/c/Embedded/GNUARM/bin/../lib/gcc/arm-elf/4.1.1/../../../../arm-elf/lib/interwork/libc.a(memcpy.o)
 .debug_info    0x000040fd       0xd4 /cygdrive/c/Embedded/GNUARM/bin/../lib/gcc/arm-elf/4.1.1/../../../../arm-elf/lib/interwork/libc.a(strlen.o)
 .debug_info    0x000041d1      0xa0f /cygdrive/c/Embedded/GNUARM/bin/../lib/gcc/arm-elf/4.1.1/../../../../arm-elf/lib/interwork/libc.a(strtol.o)
 .debug_info    0x00004be0       0x79 /cygdrive/c/Embedded/GNUARM/bin/../lib/gcc/arm-elf/4.1.1/../../../../arm-elf/lib/interwork/libc.a(ctype_.o)
 .debug_info    0x00004c59      0x922 /cygdrive/c/Embedded/GNUARM/bin/../lib/gcc/arm-elf/4.1.1/../../../../arm-elf/lib/interwork/libc.a(impure.o)

.debug_abbrev   0x00000000     0x1b74
 *(.debug_abbrev)
 .debug_abbrev  0x00000000      0x1aa main.o
 .debug_abbrev  0x000001aa       0x94 eepromTest.o
 .debug_abbrev  0x0000023e      0x117 eeprom.o
 .debug_abbrev  0x00000355      0x1ac i2c.o
 .debug_abbrev  0x00000501       0xa6 adc.o
 .debug_abbrev  0x000005a7       0xb8 pca9532.o
 .debug_abbrev  0x0000065f      0x1bf lcd.o
 .debug_abbrev  0x0000081e       0xcd lcd_hw.o
 .debug_abbrev  0x000008eb      0x2a4 startup/libea_startup_thumb.a(consol.o)
 .debug_abbrev  0x00000b8f       0xd0 startup/libea_startup_thumb.a(framework.o)
 .debug_abbrev  0x00000c5f      0x1b8 pre_emptive_os/pre_emptive_os.a(kernel.o)
 .debug_abbrev  0x00000e17      0x11e pre_emptive_os/pre_emptive_os.a(prioqueue.o)
 .debug_abbrev  0x00000f35      0x154 pre_emptive_os/pre_emptive_os.a(timer.o)
 .debug_abbrev  0x00001089      0x170 pre_emptive_os/pre_emptive_os.a(stack_usage.o)
 .debug_abbrev  0x000011f9       0xf2 pre_emptive_os/pre_emptive_os.a(a7hal.o)
 .debug_abbrev  0x000012eb      0x101 pre_emptive_os/pre_emptive_os.a(count_sem.o)
 .debug_abbrev  0x000013ec      0x103 pre_emptive_os/pre_emptive_os.a(event.o)
 .debug_abbrev  0x000014ef       0x14 /cygdrive/c/Embedded/GNUARM/bin/../lib/gcc/arm-elf/4.1.1/interwork/libgcc.a(_udivsi3.o)
 .debug_abbrev  0x00001503       0x14 /cygdrive/c/Embedded/GNUARM/bin/../lib/gcc/arm-elf/4.1.1/interwork/libgcc.a(_divsi3.o)
 .debug_abbrev  0x00001517       0x14 /cygdrive/c/Embedded/GNUARM/bin/../lib/gcc/arm-elf/4.1.1/interwork/libgcc.a(_umodsi3.o)
 .debug_abbrev  0x0000152b       0x14 /cygdrive/c/Embedded/GNUARM/bin/../lib/gcc/arm-elf/4.1.1/interwork/libgcc.a(_modsi3.o)
 .debug_abbrev  0x0000153f       0x14 /cygdrive/c/Embedded/GNUARM/bin/../lib/gcc/arm-elf/4.1.1/interwork/libgcc.a(_dvmd_tls.o)
 .debug_abbrev  0x00001553       0x14 /cygdrive/c/Embedded/GNUARM/bin/../lib/gcc/arm-elf/4.1.1/interwork/libgcc.a(_call_via_rX.o)
 .debug_abbrev  0x00001567      0x176 /cygdrive/c/Embedded/GNUARM/bin/../lib/gcc/arm-elf/4.1.1/../../../../arm-elf/lib/interwork/libc.a(atoi.o)
 .debug_abbrev  0x000016dd       0xa6 /cygdrive/c/Embedded/GNUARM/bin/../lib/gcc/arm-elf/4.1.1/../../../../arm-elf/lib/interwork/libc.a(memcpy.o)
 .debug_abbrev  0x00001783       0x8b /cygdrive/c/Embedded/GNUARM/bin/../lib/gcc/arm-elf/4.1.1/../../../../arm-elf/lib/interwork/libc.a(strlen.o)
 .debug_abbrev  0x0000180e      0x1bd /cygdrive/c/Embedded/GNUARM/bin/../lib/gcc/arm-elf/4.1.1/../../../../arm-elf/lib/interwork/libc.a(strtol.o)
 .debug_abbrev  0x000019cb       0x52 /cygdrive/c/Embedded/GNUARM/bin/../lib/gcc/arm-elf/4.1.1/../../../../arm-elf/lib/interwork/libc.a(ctype_.o)
 .debug_abbrev  0x00001a1d      0x157 /cygdrive/c/Embedded/GNUARM/bin/../lib/gcc/arm-elf/4.1.1/../../../../arm-elf/lib/interwork/libc.a(impure.o)

.debug_line     0x00000000     0x16f3
 *(.debug_line)
 .debug_line    0x00000000      0x128 main.o
 .debug_line    0x00000128       0x91 eepromTest.o
 .debug_line    0x000001b9       0xf4 eeprom.o
 .debug_line    0x000002ad      0x10d i2c.o
 .debug_line    0x000003ba       0x7f adc.o
 .debug_line    0x00000439       0x96 pca9532.o
 .debug_line    0x000004cf      0x183 lcd.o
 .debug_line    0x00000652       0x99 lcd_hw.o
 .debug_line    0x000006eb      0x18a startup/libea_startup_thumb.a(consol.o)
 .debug_line    0x00000875       0xba startup/libea_startup_thumb.a(framework.o)
 .debug_line    0x0000092f      0x176 pre_emptive_os/pre_emptive_os.a(kernel.o)
 .debug_line    0x00000aa5       0xbb pre_emptive_os/pre_emptive_os.a(prioqueue.o)
 .debug_line    0x00000b60      0x109 pre_emptive_os/pre_emptive_os.a(timer.o)
 .debug_line    0x00000c69       0x97 pre_emptive_os/pre_emptive_os.a(stack_usage.o)
 .debug_line    0x00000d00       0x8c pre_emptive_os/pre_emptive_os.a(a7hal.o)
 .debug_line    0x00000d8c       0xd9 pre_emptive_os/pre_emptive_os.a(count_sem.o)
 .debug_line    0x00000e65       0xaf pre_emptive_os/pre_emptive_os.a(event.o)
 .debug_line    0x00000f14       0x84 /cygdrive/c/Embedded/GNUARM/bin/../lib/gcc/arm-elf/4.1.1/interwork/libgcc.a(_udivsi3.o)
 .debug_line    0x00000f98       0x90 /cygdrive/c/Embedded/GNUARM/bin/../lib/gcc/arm-elf/4.1.1/interwork/libgcc.a(_divsi3.o)
 .debug_line    0x00001028       0x6e /cygdrive/c/Embedded/GNUARM/bin/../lib/gcc/arm-elf/4.1.1/interwork/libgcc.a(_umodsi3.o)
 .debug_line    0x00001096       0x74 /cygdrive/c/Embedded/GNUARM/bin/../lib/gcc/arm-elf/4.1.1/interwork/libgcc.a(_modsi3.o)
 .debug_line    0x0000110a       0x5d /cygdrive/c/Embedded/GNUARM/bin/../lib/gcc/arm-elf/4.1.1/interwork/libgcc.a(_dvmd_tls.o)
 .debug_line    0x00001167       0x6b /cygdrive/c/Embedded/GNUARM/bin/../lib/gcc/arm-elf/4.1.1/interwork/libgcc.a(_call_via_rX.o)
 .debug_line    0x000011d2       0xf9 /cygdrive/c/Embedded/GNUARM/bin/../lib/gcc/arm-elf/4.1.1/../../../../arm-elf/lib/interwork/libc.a(atoi.o)
 .debug_line    0x000012cb       0xc8 /cygdrive/c/Embedded/GNUARM/bin/../lib/gcc/arm-elf/4.1.1/../../../../arm-elf/lib/interwork/libc.a(memcpy.o)
 .debug_line    0x00001393       0xaf /cygdrive/c/Embedded/GNUARM/bin/../lib/gcc/arm-elf/4.1.1/../../../../arm-elf/lib/interwork/libc.a(strlen.o)
 .debug_line    0x00001442      0x173 /cygdrive/c/Embedded/GNUARM/bin/../lib/gcc/arm-elf/4.1.1/../../../../arm-elf/lib/interwork/libc.a(strtol.o)
 .debug_line    0x000015b5       0x5b /cygdrive/c/Embedded/GNUARM/bin/../lib/gcc/arm-elf/4.1.1/../../../../arm-elf/lib/interwork/libc.a(ctype_.o)
 .debug_line    0x00001610       0xe3 /cygdrive/c/Embedded/GNUARM/bin/../lib/gcc/arm-elf/4.1.1/../../../../arm-elf/lib/interwork/libc.a(impure.o)

.debug_frame    0x00000000      0xe6c
 *(.debug_frame)
 .debug_frame   0x00000000       0xf0 main.o
 .debug_frame   0x000000f0       0x30 eepromTest.o
 .debug_frame   0x00000120       0xa4 eeprom.o
 .debug_frame   0x000001c4      0x108 i2c.o
 .debug_frame   0x000002cc       0x40 adc.o
 .debug_frame   0x0000030c       0x68 pca9532.o
 .debug_frame   0x00000374      0x1b8 lcd.o
 .debug_frame   0x0000052c       0x4c lcd_hw.o
 .debug_frame   0x00000578      0x150 startup/libea_startup_thumb.a(consol.o)
 .debug_frame   0x000006c8       0xe0 startup/libea_startup_thumb.a(framework.o)
 .debug_frame   0x000007a8      0x1e8 pre_emptive_os/pre_emptive_os.a(kernel.o)
 .debug_frame   0x00000990       0x8c pre_emptive_os/pre_emptive_os.a(prioqueue.o)
 .debug_frame   0x00000a1c       0xb8 pre_emptive_os/pre_emptive_os.a(timer.o)
 .debug_frame   0x00000ad4       0x58 pre_emptive_os/pre_emptive_os.a(stack_usage.o)
 .debug_frame   0x00000b2c       0xa0 pre_emptive_os/pre_emptive_os.a(a7hal.o)
 .debug_frame   0x00000bcc       0x84 pre_emptive_os/pre_emptive_os.a(count_sem.o)
 .debug_frame   0x00000c50       0x94 pre_emptive_os/pre_emptive_os.a(event.o)
 .debug_frame   0x00000ce4       0x2c /cygdrive/c/Embedded/GNUARM/bin/../lib/gcc/arm-elf/4.1.1/interwork/libgcc.a(_udivsi3.o)
 .debug_frame   0x00000d10       0x2c /cygdrive/c/Embedded/GNUARM/bin/../lib/gcc/arm-elf/4.1.1/interwork/libgcc.a(_divsi3.o)
 .debug_frame   0x00000d3c       0x2c /cygdrive/c/Embedded/GNUARM/bin/../lib/gcc/arm-elf/4.1.1/interwork/libgcc.a(_umodsi3.o)
 .debug_frame   0x00000d68       0x2c /cygdrive/c/Embedded/GNUARM/bin/../lib/gcc/arm-elf/4.1.1/interwork/libgcc.a(_modsi3.o)
 .debug_frame   0x00000d94       0x40 /cygdrive/c/Embedded/GNUARM/bin/../lib/gcc/arm-elf/4.1.1/../../../../arm-elf/lib/interwork/libc.a(atoi.o)
 .debug_frame   0x00000dd4       0x28 /cygdrive/c/Embedded/GNUARM/bin/../lib/gcc/arm-elf/4.1.1/../../../../arm-elf/lib/interwork/libc.a(memcpy.o)
 .debug_frame   0x00000dfc       0x20 /cygdrive/c/Embedded/GNUARM/bin/../lib/gcc/arm-elf/4.1.1/../../../../arm-elf/lib/interwork/libc.a(strlen.o)
 .debug_frame   0x00000e1c       0x50 /cygdrive/c/Embedded/GNUARM/bin/../lib/gcc/arm-elf/4.1.1/../../../../arm-elf/lib/interwork/libc.a(strtol.o)

.debug_str      0x00000000     0x156c
 *(.debug_str)
 .debug_str     0x00000000      0x1be main.o
                                0x1e9 (size before relaxing)
 .debug_str     0x000001be       0x98 eepromTest.o
                                0x108 (size before relaxing)
 .debug_str     0x00000256       0x8f eeprom.o
                                0x102 (size before relaxing)
 .debug_str     0x000002e5       0x95 i2c.o
                                0x12c (size before relaxing)
 .debug_str     0x0000037a       0x42 adc.o
                                 0xcc (size before relaxing)
 .debug_str     0x000003bc       0x5b pca9532.o
                                 0xec (size before relaxing)
 .debug_str     0x00000417      0x137 lcd.o
                                0x1d1 (size before relaxing)
 .debug_str     0x0000054e       0x3b lcd_hw.o
                                 0xc6 (size before relaxing)
 .debug_str     0x00000589      0x18c startup/libea_startup_thumb.a(consol.o)
                                0x239 (size before relaxing)
 .debug_str     0x00000715       0xdd startup/libea_startup_thumb.a(framework.o)
                                0x135 (size before relaxing)
 .debug_str     0x000007f2      0x2e0 pre_emptive_os/pre_emptive_os.a(kernel.o)
                                0x35e (size before relaxing)
 .debug_str     0x00000ad2       0x7d pre_emptive_os/pre_emptive_os.a(prioqueue.o)
                                0x246 (size before relaxing)
 .debug_str     0x00000b4f      0x10e pre_emptive_os/pre_emptive_os.a(timer.o)
                                0x2f7 (size before relaxing)
 .debug_str     0x00000c5d       0x70 pre_emptive_os/pre_emptive_os.a(stack_usage.o)
                                0x22b (size before relaxing)
 .debug_str     0x00000ccd      0x16f pre_emptive_os/pre_emptive_os.a(a7hal.o)
                                0x1dd (size before relaxing)
 .debug_str     0x00000e3c       0x51 pre_emptive_os/pre_emptive_os.a(count_sem.o)
                                0x25b (size before relaxing)
 .debug_str     0x00000e8d       0x51 pre_emptive_os/pre_emptive_os.a(event.o)
                                0x265 (size before relaxing)
 .debug_str     0x00000ede      0x409 /cygdrive/c/Embedded/GNUARM/bin/../lib/gcc/arm-elf/4.1.1/../../../../arm-elf/lib/interwork/libc.a(atoi.o)
                                0x49e (size before relaxing)
 .debug_str     0x000012e7       0xaa /cygdrive/c/Embedded/GNUARM/bin/../lib/gcc/arm-elf/4.1.1/../../../../arm-elf/lib/interwork/libc.a(memcpy.o)
                                 0xd6 (size before relaxing)
 .debug_str     0x00001391       0x56 /cygdrive/c/Embedded/GNUARM/bin/../lib/gcc/arm-elf/4.1.1/../../../../arm-elf/lib/interwork/libc.a(strlen.o)
                                0x11f (size before relaxing)
 .debug_str     0x000013e7       0x78 /cygdrive/c/Embedded/GNUARM/bin/../lib/gcc/arm-elf/4.1.1/../../../../arm-elf/lib/interwork/libc.a(strtol.o)
                                0x4e0 (size before relaxing)
 .debug_str     0x0000145f       0x7b /cygdrive/c/Embedded/GNUARM/bin/../lib/gcc/arm-elf/4.1.1/../../../../arm-elf/lib/interwork/libc.a(ctype_.o)
                                 0xaa (size before relaxing)
 .debug_str     0x000014da       0x92 /cygdrive/c/Embedded/GNUARM/bin/../lib/gcc/arm-elf/4.1.1/../../../../arm-elf/lib/interwork/libc.a(impure.o)
                                0x4bc (size before relaxing)

.debug_loc      0x00000000     0x1e6d
 *(.debug_loc)
 .debug_loc     0x00000000      0x218 main.o
 .debug_loc     0x00000218       0x4a eepromTest.o
 .debug_loc     0x00000262      0x374 eeprom.o
 .debug_loc     0x000005d6      0x406 i2c.o
 .debug_loc     0x000009dc       0x68 adc.o
 .debug_loc     0x00000a44       0xbd pca9532.o
 .debug_loc     0x00000b01      0x78e lcd.o
 .debug_loc     0x0000128f       0x79 lcd_hw.o
 .debug_loc     0x00001308      0x5ee startup/libea_startup_thumb.a(consol.o)
 .debug_loc     0x000018f6      0x1b2 startup/libea_startup_thumb.a(framework.o)
 .debug_loc     0x00001aa8       0x77 /cygdrive/c/Embedded/GNUARM/bin/../lib/gcc/arm-elf/4.1.1/../../../../arm-elf/lib/interwork/libc.a(atoi.o)
 .debug_loc     0x00001b1f       0xfc /cygdrive/c/Embedded/GNUARM/bin/../lib/gcc/arm-elf/4.1.1/../../../../arm-elf/lib/interwork/libc.a(memcpy.o)
 .debug_loc     0x00001c1b       0x47 /cygdrive/c/Embedded/GNUARM/bin/../lib/gcc/arm-elf/4.1.1/../../../../arm-elf/lib/interwork/libc.a(strlen.o)
 .debug_loc     0x00001c62      0x20b /cygdrive/c/Embedded/GNUARM/bin/../lib/gcc/arm-elf/4.1.1/../../../../arm-elf/lib/interwork/libc.a(strtol.o)

.debug_macinfo
 *(.debug_macinfo)

.debug_weaknames
 *(.debug_weaknames)

.debug_funcnames
 *(.debug_funcnames)

.debug_typenames
 *(.debug_typenames)

.debug_varnames
 *(.debug_varnames)
OUTPUT(lpc2138_edu_board.elf elf32-littlearm)

Cross Reference Table

Symbol                                            File
____divsi3_change_to_arm                          /cygdrive/c/Embedded/GNUARM/bin/../lib/gcc/arm-elf/4.1.1/../../../../arm-elf/lib/interwork/libc.a(impure.o)
____divsi3_from_thumb                             /cygdrive/c/Embedded/GNUARM/bin/../lib/gcc/arm-elf/4.1.1/../../../../arm-elf/lib/interwork/libc.a(impure.o)
____modsi3_change_to_arm                          /cygdrive/c/Embedded/GNUARM/bin/../lib/gcc/arm-elf/4.1.1/../../../../arm-elf/lib/interwork/libc.a(impure.o)
____modsi3_from_thumb                             /cygdrive/c/Embedded/GNUARM/bin/../lib/gcc/arm-elf/4.1.1/../../../../arm-elf/lib/interwork/libc.a(impure.o)
____udivsi3_change_to_arm                         /cygdrive/c/Embedded/GNUARM/bin/../lib/gcc/arm-elf/4.1.1/../../../../arm-elf/lib/interwork/libc.a(impure.o)
____udivsi3_from_thumb                            /cygdrive/c/Embedded/GNUARM/bin/../lib/gcc/arm-elf/4.1.1/../../../../arm-elf/lib/interwork/libc.a(impure.o)
____umodsi3_change_to_arm                         /cygdrive/c/Embedded/GNUARM/bin/../lib/gcc/arm-elf/4.1.1/../../../../arm-elf/lib/interwork/libc.a(impure.o)
____umodsi3_from_thumb                            /cygdrive/c/Embedded/GNUARM/bin/../lib/gcc/arm-elf/4.1.1/../../../../arm-elf/lib/interwork/libc.a(impure.o)
__aeabi_idiv                                      /cygdrive/c/Embedded/GNUARM/bin/../lib/gcc/arm-elf/4.1.1/interwork/libgcc.a(_divsi3.o)
__aeabi_idiv0                                     /cygdrive/c/Embedded/GNUARM/bin/../lib/gcc/arm-elf/4.1.1/interwork/libgcc.a(_dvmd_tls.o)
__aeabi_idivmod                                   /cygdrive/c/Embedded/GNUARM/bin/../lib/gcc/arm-elf/4.1.1/interwork/libgcc.a(_divsi3.o)
__aeabi_ldiv0                                     /cygdrive/c/Embedded/GNUARM/bin/../lib/gcc/arm-elf/4.1.1/interwork/libgcc.a(_dvmd_tls.o)
__aeabi_uidiv                                     /cygdrive/c/Embedded/GNUARM/bin/../lib/gcc/arm-elf/4.1.1/interwork/libgcc.a(_udivsi3.o)
__aeabi_uidivmod                                  /cygdrive/c/Embedded/GNUARM/bin/../lib/gcc/arm-elf/4.1.1/interwork/libgcc.a(_udivsi3.o)
__bss_end__                                       startup/libea_startup_thumb.a(startup.o)
__bss_start__                                     startup/libea_startup_thumb.a(startup.o)
__consolGetChar_change_to_arm                     /cygdrive/c/Embedded/GNUARM/bin/../lib/gcc/arm-elf/4.1.1/../../../../arm-elf/lib/interwork/libc.a(impure.o)
__consolGetChar_from_thumb                        /cygdrive/c/Embedded/GNUARM/bin/../lib/gcc/arm-elf/4.1.1/../../../../arm-elf/lib/interwork/libc.a(impure.o)
__consolSendCh_change_to_arm                      /cygdrive/c/Embedded/GNUARM/bin/../lib/gcc/arm-elf/4.1.1/../../../../arm-elf/lib/interwork/libc.a(impure.o)
__consolSendCh_from_thumb                         /cygdrive/c/Embedded/GNUARM/bin/../lib/gcc/arm-elf/4.1.1/../../../../arm-elf/lib/interwork/libc.a(impure.o)
__consolSendString_change_to_arm                  /cygdrive/c/Embedded/GNUARM/bin/../lib/gcc/arm-elf/4.1.1/../../../../arm-elf/lib/interwork/libc.a(impure.o)
__consolSendString_from_thumb                     /cygdrive/c/Embedded/GNUARM/bin/../lib/gcc/arm-elf/4.1.1/../../../../arm-elf/lib/interwork/libc.a(impure.o)
__ctxSwitchIsr_oshal_change_to_arm                /cygdrive/c/Embedded/GNUARM/bin/../lib/gcc/arm-elf/4.1.1/../../../../arm-elf/lib/interwork/libc.a(impure.o)
__ctxSwitchIsr_oshal_from_thumb                   /cygdrive/c/Embedded/GNUARM/bin/../lib/gcc/arm-elf/4.1.1/../../../../arm-elf/lib/interwork/libc.a(impure.o)
__ctxSwitch_oshal_change_to_arm                   /cygdrive/c/Embedded/GNUARM/bin/../lib/gcc/arm-elf/4.1.1/../../../../arm-elf/lib/interwork/libc.a(impure.o)
__ctxSwitch_oshal_from_thumb                      /cygdrive/c/Embedded/GNUARM/bin/../lib/gcc/arm-elf/4.1.1/../../../../arm-elf/lib/interwork/libc.a(impure.o)
__ctype_ptr                                       /cygdrive/c/Embedded/GNUARM/bin/../lib/gcc/arm-elf/4.1.1/../../../../arm-elf/lib/interwork/libc.a(ctype_.o)
                                                  /cygdrive/c/Embedded/GNUARM/bin/../lib/gcc/arm-elf/4.1.1/../../../../arm-elf/lib/interwork/libc.a(strtol.o)
__div0                                            /cygdrive/c/Embedded/GNUARM/bin/../lib/gcc/arm-elf/4.1.1/interwork/libgcc.a(_dvmd_tls.o)
                                                  /cygdrive/c/Embedded/GNUARM/bin/../lib/gcc/arm-elf/4.1.1/interwork/libgcc.a(_modsi3.o)
                                                  /cygdrive/c/Embedded/GNUARM/bin/../lib/gcc/arm-elf/4.1.1/interwork/libgcc.a(_umodsi3.o)
                                                  /cygdrive/c/Embedded/GNUARM/bin/../lib/gcc/arm-elf/4.1.1/interwork/libgcc.a(_divsi3.o)
                                                  /cygdrive/c/Embedded/GNUARM/bin/../lib/gcc/arm-elf/4.1.1/interwork/libgcc.a(_udivsi3.o)
__divsi3                                          /cygdrive/c/Embedded/GNUARM/bin/../lib/gcc/arm-elf/4.1.1/interwork/libgcc.a(_divsi3.o)
                                                  pre_emptive_os/pre_emptive_os.a(stack_usage.o)
                                                  main.o
__eaInit_change_to_arm                            /cygdrive/c/Embedded/GNUARM/bin/../lib/gcc/arm-elf/4.1.1/../../../../arm-elf/lib/interwork/libc.a(impure.o)
__eaInit_from_thumb                               /cygdrive/c/Embedded/GNUARM/bin/../lib/gcc/arm-elf/4.1.1/../../../../arm-elf/lib/interwork/libc.a(impure.o)
__halDisableInterrupts_oshal_change_to_arm        /cygdrive/c/Embedded/GNUARM/bin/../lib/gcc/arm-elf/4.1.1/../../../../arm-elf/lib/interwork/libc.a(impure.o)
__halDisableInterrupts_oshal_from_thumb           /cygdrive/c/Embedded/GNUARM/bin/../lib/gcc/arm-elf/4.1.1/../../../../arm-elf/lib/interwork/libc.a(impure.o)
__halRestoreInterrupts_oshal_change_to_arm        /cygdrive/c/Embedded/GNUARM/bin/../lib/gcc/arm-elf/4.1.1/../../../../arm-elf/lib/interwork/libc.a(impure.o)
__halRestoreInterrupts_oshal_from_thumb           /cygdrive/c/Embedded/GNUARM/bin/../lib/gcc/arm-elf/4.1.1/../../../../arm-elf/lib/interwork/libc.a(impure.o)
__initTimer_oshal_change_to_arm                   /cygdrive/c/Embedded/GNUARM/bin/../lib/gcc/arm-elf/4.1.1/../../../../arm-elf/lib/interwork/libc.a(impure.o)
__initTimer_oshal_from_thumb                      /cygdrive/c/Embedded/GNUARM/bin/../lib/gcc/arm-elf/4.1.1/../../../../arm-elf/lib/interwork/libc.a(impure.o)
__memcpy_change_to_arm                            /cygdrive/c/Embedded/GNUARM/bin/../lib/gcc/arm-elf/4.1.1/../../../../arm-elf/lib/interwork/libc.a(impure.o)
__memcpy_from_thumb                               /cygdrive/c/Embedded/GNUARM/bin/../lib/gcc/arm-elf/4.1.1/../../../../arm-elf/lib/interwork/libc.a(impure.o)
__modsi3                                          /cygdrive/c/Embedded/GNUARM/bin/../lib/gcc/arm-elf/4.1.1/interwork/libgcc.a(_modsi3.o)
                                                  main.o
__osISRExit_from_arm                              /cygdrive/c/Embedded/GNUARM/bin/../lib/gcc/arm-elf/4.1.1/../../../../arm-elf/lib/interwork/libc.a(impure.o)
__osTick_from_arm                                 /cygdrive/c/Embedded/GNUARM/bin/../lib/gcc/arm-elf/4.1.1/../../../../arm-elf/lib/interwork/libc.a(impure.o)
__simplePrintf_change_to_arm                      /cygdrive/c/Embedded/GNUARM/bin/../lib/gcc/arm-elf/4.1.1/../../../../arm-elf/lib/interwork/libc.a(impure.o)
__simplePrintf_from_thumb                         /cygdrive/c/Embedded/GNUARM/bin/../lib/gcc/arm-elf/4.1.1/../../../../arm-elf/lib/interwork/libc.a(impure.o)
__startHighProc_oshal_change_to_arm               /cygdrive/c/Embedded/GNUARM/bin/../lib/gcc/arm-elf/4.1.1/../../../../arm-elf/lib/interwork/libc.a(impure.o)
__startHighProc_oshal_from_thumb                  /cygdrive/c/Embedded/GNUARM/bin/../lib/gcc/arm-elf/4.1.1/../../../../arm-elf/lib/interwork/libc.a(impure.o)
__stkFrameInit_oshal_change_to_arm                /cygdrive/c/Embedded/GNUARM/bin/../lib/gcc/arm-elf/4.1.1/../../../../arm-elf/lib/interwork/libc.a(impure.o)
__stkFrameInit_oshal_from_thumb                   /cygdrive/c/Embedded/GNUARM/bin/../lib/gcc/arm-elf/4.1.1/../../../../arm-elf/lib/interwork/libc.a(impure.o)
__strlen_change_to_arm                            /cygdrive/c/Embedded/GNUARM/bin/../lib/gcc/arm-elf/4.1.1/../../../../arm-elf/lib/interwork/libc.a(impure.o)
__strlen_from_thumb                               /cygdrive/c/Embedded/GNUARM/bin/../lib/gcc/arm-elf/4.1.1/../../../../arm-elf/lib/interwork/libc.a(impure.o)
__udivsi3                                         /cygdrive/c/Embedded/GNUARM/bin/../lib/gcc/arm-elf/4.1.1/interwork/libgcc.a(_udivsi3.o)
                                                  /cygdrive/c/Embedded/GNUARM/bin/../lib/gcc/arm-elf/4.1.1/../../../../arm-elf/lib/interwork/libc.a(strtol.o)
                                                  pre_emptive_os/pre_emptive_os.a(stack_usage.o)
                                                  startup/libea_startup_thumb.a(consol.o)
__umodsi3                                         /cygdrive/c/Embedded/GNUARM/bin/../lib/gcc/arm-elf/4.1.1/interwork/libgcc.a(_umodsi3.o)
                                                  /cygdrive/c/Embedded/GNUARM/bin/../lib/gcc/arm-elf/4.1.1/../../../../arm-elf/lib/interwork/libc.a(strtol.o)
                                                  startup/libea_startup_thumb.a(consol.o)
                                                  main.o
_atoi_r                                           /cygdrive/c/Embedded/GNUARM/bin/../lib/gcc/arm-elf/4.1.1/../../../../arm-elf/lib/interwork/libc.a(atoi.o)
_call_via_fp                                      /cygdrive/c/Embedded/GNUARM/bin/../lib/gcc/arm-elf/4.1.1/interwork/libgcc.a(_call_via_rX.o)
_call_via_ip                                      /cygdrive/c/Embedded/GNUARM/bin/../lib/gcc/arm-elf/4.1.1/interwork/libgcc.a(_call_via_rX.o)
_call_via_lr                                      /cygdrive/c/Embedded/GNUARM/bin/../lib/gcc/arm-elf/4.1.1/interwork/libgcc.a(_call_via_rX.o)
_call_via_r0                                      /cygdrive/c/Embedded/GNUARM/bin/../lib/gcc/arm-elf/4.1.1/interwork/libgcc.a(_call_via_rX.o)
_call_via_r1                                      /cygdrive/c/Embedded/GNUARM/bin/../lib/gcc/arm-elf/4.1.1/interwork/libgcc.a(_call_via_rX.o)
_call_via_r2                                      /cygdrive/c/Embedded/GNUARM/bin/../lib/gcc/arm-elf/4.1.1/interwork/libgcc.a(_call_via_rX.o)
_call_via_r3                                      /cygdrive/c/Embedded/GNUARM/bin/../lib/gcc/arm-elf/4.1.1/interwork/libgcc.a(_call_via_rX.o)
_call_via_r4                                      /cygdrive/c/Embedded/GNUARM/bin/../lib/gcc/arm-elf/4.1.1/interwork/libgcc.a(_call_via_rX.o)
                                                  pre_emptive_os/pre_emptive_os.a(timer.o)
_call_via_r5                                      /cygdrive/c/Embedded/GNUARM/bin/../lib/gcc/arm-elf/4.1.1/interwork/libgcc.a(_call_via_rX.o)
_call_via_r6                                      /cygdrive/c/Embedded/GNUARM/bin/../lib/gcc/arm-elf/4.1.1/interwork/libgcc.a(_call_via_rX.o)
_call_via_r7                                      /cygdrive/c/Embedded/GNUARM/bin/../lib/gcc/arm-elf/4.1.1/interwork/libgcc.a(_call_via_rX.o)
_call_via_r8                                      /cygdrive/c/Embedded/GNUARM/bin/../lib/gcc/arm-elf/4.1.1/interwork/libgcc.a(_call_via_rX.o)
_call_via_r9                                      /cygdrive/c/Embedded/GNUARM/bin/../lib/gcc/arm-elf/4.1.1/interwork/libgcc.a(_call_via_rX.o)
_call_via_sl                                      /cygdrive/c/Embedded/GNUARM/bin/../lib/gcc/arm-elf/4.1.1/interwork/libgcc.a(_call_via_rX.o)
_call_via_sp                                      /cygdrive/c/Embedded/GNUARM/bin/../lib/gcc/arm-elf/4.1.1/interwork/libgcc.a(_call_via_rX.o)
_ctype_                                           /cygdrive/c/Embedded/GNUARM/bin/../lib/gcc/arm-elf/4.1.1/../../../../arm-elf/lib/interwork/libc.a(ctype_.o)
_data                                             startup/libea_startup_thumb.a(startup.o)
_ea_97x60c                                        main.o
_edata                                            startup/libea_startup_thumb.a(startup.o)
_etext                                            startup/libea_startup_thumb.a(startup.o)
_global_impure_ptr                                /cygdrive/c/Embedded/GNUARM/bin/../lib/gcc/arm-elf/4.1.1/../../../../arm-elf/lib/interwork/libc.a(impure.o)
_impure_ptr                                       /cygdrive/c/Embedded/GNUARM/bin/../lib/gcc/arm-elf/4.1.1/../../../../arm-elf/lib/interwork/libc.a(impure.o)
                                                  /cygdrive/c/Embedded/GNUARM/bin/../lib/gcc/arm-elf/4.1.1/../../../../arm-elf/lib/interwork/libc.a(strtol.o)
_startup                                          startup/libea_startup_thumb.a(startup.o)
_strtol_r                                         /cygdrive/c/Embedded/GNUARM/bin/../lib/gcc/arm-elf/4.1.1/../../../../arm-elf/lib/interwork/libc.a(strtol.o)
                                                  /cygdrive/c/Embedded/GNUARM/bin/../lib/gcc/arm-elf/4.1.1/../../../../arm-elf/lib/interwork/libc.a(atoi.o)
addToPrioQueue                                    pre_emptive_os/pre_emptive_os.a(prioqueue.o)
                                                  pre_emptive_os/pre_emptive_os.a(event.o)
                                                  pre_emptive_os/pre_emptive_os.a(kernel.o)
addToRdyList                                      pre_emptive_os/pre_emptive_os.a(kernel.o)
                                                  pre_emptive_os/pre_emptive_os.a(event.o)
addToTimeList                                     pre_emptive_os/pre_emptive_os.a(kernel.o)
                                                  pre_emptive_os/pre_emptive_os.a(event.o)
appTick                                           main.o
                                                  pre_emptive_os/pre_emptive_os.a(kernel.o)
atoi                                              /cygdrive/c/Embedded/GNUARM/bin/../lib/gcc/arm-elf/4.1.1/../../../../arm-elf/lib/interwork/libc.a(atoi.o)
                                                  startup/libea_startup_thumb.a(consol.o)
charMap                                           lcd.o
checkStackLimit                                   pre_emptive_os/pre_emptive_os.a(stack_usage.o)
consolGetCh                                       startup/libea_startup_thumb.a(consol.o)
consolGetChar                                     startup/libea_startup_thumb.a(consol.o)
                                                  main.o
consolGetIntNum                                   startup/libea_startup_thumb.a(consol.o)
consolGetString                                   startup/libea_startup_thumb.a(consol.o)
consolInit                                        startup/libea_startup_thumb.a(consol.o)
                                                  startup/libea_startup_thumb.a(framework.o)
consolScanf                                       startup/libea_startup_thumb.a(consol.o)
consolSendCh                                      startup/libea_startup_thumb.a(consol.o)
                                                  main.o
consolSendChar                                    startup/libea_startup_thumb.a(consol.o)
consolSendNumber                                  startup/libea_startup_thumb.a(consol.o)
                                                  startup/libea_startup_thumb.a(framework.o)
consolSendString                                  startup/libea_startup_thumb.a(consol.o)
                                                  startup/libea_startup_thumb.a(framework.o)
                                                  main.o
createStackPattern                                pre_emptive_os/pre_emptive_os.a(stack_usage.o)
                                                  pre_emptive_os/pre_emptive_os.a(kernel.o)
ctxSwitchIsr_oshal                                pre_emptive_os/pre_emptive_os.a(a7hal_a.o)
                                                  pre_emptive_os/pre_emptive_os.a(kernel.o)
ctxSwitch_oshal                                   pre_emptive_os/pre_emptive_os.a(a7hal_a.o)
                                                  pre_emptive_os/pre_emptive_os.a(kernel.o)
eaInit                                            startup/libea_startup_thumb.a(framework.o)
                                                  main.o
eepromPageRead                                    eeprom.o
                                                  eepromTest.o
eepromPoll                                        eeprom.o
                                                  eepromTest.o
eepromStartRead                                   eeprom.o
eepromWrite                                       eeprom.o
                                                  eepromTest.o
end                                               startup/libea_startup_thumb.a(framework.o)
eventInit                                         pre_emptive_os/pre_emptive_os.a(event.o)
                                                  pre_emptive_os/pre_emptive_os.a(count_sem.o)
eventIsEmpty                                      pre_emptive_os/pre_emptive_os.a(event.o)
                                                  pre_emptive_os/pre_emptive_os.a(count_sem.o)
eventSignal                                       pre_emptive_os/pre_emptive_os.a(event.o)
                                                  pre_emptive_os/pre_emptive_os.a(count_sem.o)
eventWait                                         pre_emptive_os/pre_emptive_os.a(event.o)
                                                  pre_emptive_os/pre_emptive_os.a(count_sem.o)
eventWaitReturn                                   pre_emptive_os/pre_emptive_os.a(event.o)
                                                  pre_emptive_os/pre_emptive_os.a(count_sem.o)
exceptionHandlerInit                              startup/libea_startup_thumb.a(framework.o)
                                                  startup/libea_startup_thumb.a(startup.o)
generalIRQ_oshal                                  pre_emptive_os/pre_emptive_os.a(a7hal_a.o)
                                                  pre_emptive_os/pre_emptive_os.a(a7hal.o)
getAnalogueInput                                  adc.o
                                                  main.o
getHighPrioQueue                                  pre_emptive_os/pre_emptive_os.a(prioqueue.o)
                                                  pre_emptive_os/pre_emptive_os.a(event.o)
                                                  pre_emptive_os/pre_emptive_os.a(kernel.o)
getPca9532Pin                                     pca9532.o
halDisableInterrupts_oshal                        pre_emptive_os/pre_emptive_os.a(a7hal.o)
                                                  pre_emptive_os/pre_emptive_os.a(count_sem.o)
                                                  pre_emptive_os/pre_emptive_os.a(timer.o)
                                                  pre_emptive_os/pre_emptive_os.a(kernel.o)
halEnableInterrupts_oshal                         pre_emptive_os/pre_emptive_os.a(a7hal.o)
halRestoreInterrupts_oshal                        pre_emptive_os/pre_emptive_os.a(a7hal.o)
                                                  pre_emptive_os/pre_emptive_os.a(count_sem.o)
                                                  pre_emptive_os/pre_emptive_os.a(timer.o)
                                                  pre_emptive_os/pre_emptive_os.a(kernel.o)
handleIRQs_oshal                                  pre_emptive_os/pre_emptive_os.a(a7hal.o)
                                                  pre_emptive_os/pre_emptive_os.a(a7hal_a.o)
i2cCheckStatus                                    i2c.o
                                                  eeprom.o
i2cGetChar                                        i2c.o
                                                  eeprom.o
i2cInit                                           i2c.o
                                                  main.o
i2cMyWrite                                        i2c.o
i2cPutChar                                        i2c.o
                                                  eeprom.o
i2cRead                                           i2c.o
i2cRepeatStart                                    i2c.o
                                                  eeprom.o
i2cStart                                          i2c.o
                                                  eeprom.o
i2cStop                                           i2c.o
                                                  eeprom.o
i2cWaitTransmit                                   i2c.o
i2cWrite                                          i2c.o
i2cWriteWithWait                                  i2c.o
                                                  eeprom.o
initAdc                                           adc.o
                                                  main.o
initPrioQueue                                     pre_emptive_os/pre_emptive_os.a(prioqueue.o)
                                                  pre_emptive_os/pre_emptive_os.a(event.o)
                                                  pre_emptive_os/pre_emptive_os.a(kernel.o)
initSpiForLcd                                     lcd_hw.o
                                                  lcd.o
initTimer_oshal                                   pre_emptive_os/pre_emptive_os.a(a7hal.o)
                                                  pre_emptive_os/pre_emptive_os.a(kernel.o)
isEmptyPrioQueue                                  pre_emptive_os/pre_emptive_os.a(prioqueue.o)
                                                  pre_emptive_os/pre_emptive_os.a(event.o)
isrNesting                                        pre_emptive_os/pre_emptive_os.a(kernel.o)
                                                  pre_emptive_os/pre_emptive_os.a(event.o)
                                                  pre_emptive_os/pre_emptive_os.a(count_sem.o)
                                                  pre_emptive_os/pre_emptive_os.a(a7hal_a.o)
killProc1                                         main.o
lcdClrscr                                         lcd.o
                                                  main.o
lcdColor                                          lcd.o
                                                  main.o
lcdContrast                                       lcd.o
lcdData                                           lcd.o
lcdGotoxy                                         lcd.o
                                                  main.o
lcdIcon                                           lcd.o
                                                  main.o
lcdInit                                           lcd.o
                                                  main.o
lcdOff                                            lcd.o
lcdPutchar                                        lcd.o
lcdPuts                                           lcd.o
                                                  main.o
lcdRect                                           lcd.o
lcdRectBrd                                        lcd.o
lcdWindow                                         lcd.o
lcdWrcmd                                          lcd.o
lcdWrdata                                         lcd.o
lowLevelInit                                      startup/libea_startup_thumb.a(framework.o)
                                                  startup/libea_startup_thumb.a(startup.o)
main                                              main.o
                                                  startup/libea_startup_thumb.a(startup.o)
memcpy                                            /cygdrive/c/Embedded/GNUARM/bin/../lib/gcc/arm-elf/4.1.1/../../../../arm-elf/lib/interwork/libc.a(memcpy.o)
                                                  startup/libea_startup_thumb.a(consol.o)
                                                  pca9532.o
                                                  eepromTest.o
msClock                                           main.o
osCreateProcess                                   pre_emptive_os/pre_emptive_os.a(kernel.o)
                                                  pre_emptive_os/pre_emptive_os.a(timer.o)
                                                  main.o
osCreateTimer                                     pre_emptive_os/pre_emptive_os.a(timer.o)
osDeleteProcess                                   pre_emptive_os/pre_emptive_os.a(kernel.o)
                                                  main.o
osDeleteTimer                                     pre_emptive_os/pre_emptive_os.a(timer.o)
osGetHighPrioProc                                 pre_emptive_os/pre_emptive_os.a(kernel.o)
osISREnter                                        pre_emptive_os/pre_emptive_os.a(kernel.o)
osISRExit                                         pre_emptive_os/pre_emptive_os.a(kernel.o)
                                                  pre_emptive_os/pre_emptive_os.a(a7hal_a.o)
osInit                                            pre_emptive_os/pre_emptive_os.a(kernel.o)
                                                  main.o
osInitTimers                                      pre_emptive_os/pre_emptive_os.a(timer.o)
osLockNesting                                     pre_emptive_os/pre_emptive_os.a(kernel.o)
osPid                                             pre_emptive_os/pre_emptive_os.a(kernel.o)
osResume                                          pre_emptive_os/pre_emptive_os.a(kernel.o)
osSemGive                                         pre_emptive_os/pre_emptive_os.a(count_sem.o)
                                                  pre_emptive_os/pre_emptive_os.a(timer.o)
osSemInit                                         pre_emptive_os/pre_emptive_os.a(count_sem.o)
                                                  pre_emptive_os/pre_emptive_os.a(timer.o)
osSemTake                                         pre_emptive_os/pre_emptive_os.a(count_sem.o)
                                                  pre_emptive_os/pre_emptive_os.a(timer.o)
osSemTryTake                                      pre_emptive_os/pre_emptive_os.a(count_sem.o)
osSleep                                           pre_emptive_os/pre_emptive_os.a(kernel.o)
                                                  lcd.o
                                                  adc.o
                                                  main.o
osStackUsage                                      pre_emptive_os/pre_emptive_os.a(stack_usage.o)
osStart                                           pre_emptive_os/pre_emptive_os.a(kernel.o)
                                                  main.o
osStartProcess                                    pre_emptive_os/pre_emptive_os.a(kernel.o)
                                                  pre_emptive_os/pre_emptive_os.a(timer.o)
                                                  main.o
osSuspend                                         pre_emptive_os/pre_emptive_os.a(kernel.o)
osTick                                            pre_emptive_os/pre_emptive_os.a(kernel.o)
                                                  pre_emptive_os/pre_emptive_os.a(a7hal.o)
ostatnieWejscia                                   main.o
ostatnieWyjscia                                   main.o
pHeapEnd                                          startup/libea_startup_thumb.a(framework.o)
pHeapStart                                        startup/libea_startup_thumb.a(framework.o)
pNxtToRun                                         pre_emptive_os/pre_emptive_os.a(kernel.o)
                                                  pre_emptive_os/pre_emptive_os.a(a7hal_a.o)
pRunProc                                          pre_emptive_os/pre_emptive_os.a(kernel.o)
                                                  pre_emptive_os/pre_emptive_os.a(event.o)
                                                  pre_emptive_os/pre_emptive_os.a(a7hal_a.o)
pca9532                                           eeprom.o
                                                  pca9532.o
pca9532Init                                       pca9532.o
                                                  main.o
processControlBlocks                              pre_emptive_os/pre_emptive_os.a(event.o)
                                                  pre_emptive_os/pre_emptive_os.a(stack_usage.o)
                                                  pre_emptive_os/pre_emptive_os.a(kernel.o)
rgbLight                                          main.o
rgbSpeed                                          main.o
rmvFromPrioQueue                                  pre_emptive_os/pre_emptive_os.a(prioqueue.o)
                                                  pre_emptive_os/pre_emptive_os.a(event.o)
                                                  pre_emptive_os/pre_emptive_os.a(kernel.o)
rmvFromRdyList                                    pre_emptive_os/pre_emptive_os.a(kernel.o)
                                                  pre_emptive_os/pre_emptive_os.a(event.o)
rmvFromTimeList                                   pre_emptive_os/pre_emptive_os.a(kernel.o)
                                                  pre_emptive_os/pre_emptive_os.a(event.o)
schedule                                          pre_emptive_os/pre_emptive_os.a(kernel.o)
                                                  pre_emptive_os/pre_emptive_os.a(event.o)
                                                  pre_emptive_os/pre_emptive_os.a(count_sem.o)
selectLCD                                         lcd_hw.o
                                                  lcd.o
sendToLCD                                         lcd_hw.o
                                                  lcd.o
setPca9532Pin                                     pca9532.o
simplePrintf                                      startup/libea_startup_thumb.a(consol.o)
                                                  eepromTest.o
                                                  main.o
startHighProc_oshal                               pre_emptive_os/pre_emptive_os.a(a7hal_a.o)
                                                  pre_emptive_os/pre_emptive_os.a(kernel.o)
stkFrameInit_oshal                                pre_emptive_os/pre_emptive_os.a(a7hal.o)
                                                  pre_emptive_os/pre_emptive_os.a(kernel.o)
strlen                                            /cygdrive/c/Embedded/GNUARM/bin/../lib/gcc/arm-elf/4.1.1/../../../../arm-elf/lib/interwork/libc.a(strlen.o)
                                                  startup/libea_startup_thumb.a(consol.o)
                                                  eepromTest.o
strtol                                            /cygdrive/c/Embedded/GNUARM/bin/../lib/gcc/arm-elf/4.1.1/../../../../arm-elf/lib/interwork/libc.a(strtol.o)
                                                  /cygdrive/c/Embedded/GNUARM/bin/../lib/gcc/arm-elf/4.1.1/../../../../arm-elf/lib/interwork/libc.a(atoi.o)
testEEPROM                                        eepromTest.o
timerIsr_oshal                                    pre_emptive_os/pre_emptive_os.a(a7hal.o)
timerTick                                         pre_emptive_os/pre_emptive_os.a(timer.o)
                                                  pre_emptive_os/pre_emptive_os.a(kernel.o)
udelay                                            main.o
wejscia                                           main.o
wyjscia                                           main.o
